
 /----------------------------------------------------------------------------\
 |  yosys -- Yosys Open SYnthesis Suite                                       |
 |  Copyright (C) 2012 - 2026  Claire Xenia Wolf <claire@yosyshq.com>         |
 |  Distributed under an ISC-like license, type "license" to see terms        |
 \----------------------------------------------------------------------------/
 Yosys 0.67+4 (git sha1 b88b73a99-dirty, Release, Clang /usr/local/osxcross/target/bin/aarch64-apple-darwin23.5-clang++ 18.1.8)

-- Executing script file `equiv.ys' --

1. Executing Verilog-2005 frontend: counter.v
Parsing Verilog input from `counter.v' to AST representation.
Generating RTLIL representation for module `\counter'.
Successfully finished Verilog frontend.
Renaming module \counter to \gold.

2. Executing Verilog-2005 frontend: counter_netlist.v
Parsing Verilog input from `counter_netlist.v' to AST representation.
Generating RTLIL representation for module `\counter'.
Successfully finished Verilog frontend.
Renaming module \counter to \gate.

3. Executing PROC pass (convert processes to netlists).

3.1. Executing PROC_CLEAN pass (remove empty switches from decision trees).
Cleaned up 0 empty switches.

3.2. Executing PROC_RMDEAD pass (remove dead branches from decision trees).
Marked 1 switch rules as full_case in process $proc$counter_netlist.v:55$24 in module gate.
Marked 1 switch rules as full_case in process $proc$counter_netlist.v:52$23 in module gate.
Marked 1 switch rules as full_case in process $proc$counter_netlist.v:49$22 in module gate.
Marked 1 switch rules as full_case in process $proc$counter_netlist.v:46$21 in module gate.
Marked 1 switch rules as full_case in process $proc$counter_netlist.v:43$20 in module gate.
Marked 1 switch rules as full_case in process $proc$counter_netlist.v:40$19 in module gate.
Marked 1 switch rules as full_case in process $proc$counter_netlist.v:37$18 in module gate.
Marked 1 switch rules as full_case in process $proc$counter_netlist.v:34$17 in module gate.
Marked 1 switch rules as full_case in process $proc$counter.v:8$1 in module gold.
Removed a total of 0 dead cases.

3.3. Executing PROC_PRUNE pass (remove redundant assignments in processes).
Removed 0 redundant assignments.
Promoted 0 assignments to connections.

3.4. Executing PROC_INIT pass (extract init attributes).

3.5. Executing PROC_ARST pass (detect async resets in processes).

3.6. Executing PROC_ROM pass (convert switches to ROMs).
Converted 0 switches.
<suppressed ~18 debug messages>

3.7. Executing PROC_MUX pass (convert decision trees to multiplexers).
Creating decoders for process `\gate.$proc$counter_netlist.v:55$24'.
     1/1: $0\count[7:7]
Creating decoders for process `\gate.$proc$counter_netlist.v:52$23'.
     1/1: $0\count[6:6]
Creating decoders for process `\gate.$proc$counter_netlist.v:49$22'.
     1/1: $0\count[5:5]
Creating decoders for process `\gate.$proc$counter_netlist.v:46$21'.
     1/1: $0\count[4:4]
Creating decoders for process `\gate.$proc$counter_netlist.v:43$20'.
     1/1: $0\count[3:3]
Creating decoders for process `\gate.$proc$counter_netlist.v:40$19'.
     1/1: $0\count[2:2]
Creating decoders for process `\gate.$proc$counter_netlist.v:37$18'.
     1/1: $0\count[1:1]
Creating decoders for process `\gate.$proc$counter_netlist.v:34$17'.
     1/1: $0\count[0:0]
Creating decoders for process `\gold.$proc$counter.v:8$1'.
     1/1: $0\count[7:0]

3.8. Executing PROC_DLATCH pass (convert process syncs to latches).

3.9. Executing PROC_DFF pass (convert process syncs to FFs).
Creating register for signal `\gate.\count [7]' using process `\gate.$proc$counter_netlist.v:55$24'.
  created $dff cell `$procdff$70' with positive edge clock.
Creating register for signal `\gate.\count [6]' using process `\gate.$proc$counter_netlist.v:52$23'.
  created $dff cell `$procdff$71' with positive edge clock.
Creating register for signal `\gate.\count [5]' using process `\gate.$proc$counter_netlist.v:49$22'.
  created $dff cell `$procdff$72' with positive edge clock.
Creating register for signal `\gate.\count [4]' using process `\gate.$proc$counter_netlist.v:46$21'.
  created $dff cell `$procdff$73' with positive edge clock.
Creating register for signal `\gate.\count [3]' using process `\gate.$proc$counter_netlist.v:43$20'.
  created $dff cell `$procdff$74' with positive edge clock.
Creating register for signal `\gate.\count [2]' using process `\gate.$proc$counter_netlist.v:40$19'.
  created $dff cell `$procdff$75' with positive edge clock.
Creating register for signal `\gate.\count [1]' using process `\gate.$proc$counter_netlist.v:37$18'.
  created $dff cell `$procdff$76' with positive edge clock.
Creating register for signal `\gate.\count [0]' using process `\gate.$proc$counter_netlist.v:34$17'.
  created $dff cell `$procdff$77' with positive edge clock.
Creating register for signal `\gold.\count' using process `\gold.$proc$counter.v:8$1'.
  created $dff cell `$procdff$78' with positive edge clock.

3.10. Executing PROC_MEMWR pass (convert process memory writes to cells).

3.11. Executing PROC_CLEAN pass (remove empty switches from decision trees).
Found and cleaned up 2 empty switches in `\gate.$proc$counter_netlist.v:55$24'.
Removing empty process `gate.$proc$counter_netlist.v:55$24'.
Found and cleaned up 2 empty switches in `\gate.$proc$counter_netlist.v:52$23'.
Removing empty process `gate.$proc$counter_netlist.v:52$23'.
Found and cleaned up 2 empty switches in `\gate.$proc$counter_netlist.v:49$22'.
Removing empty process `gate.$proc$counter_netlist.v:49$22'.
Found and cleaned up 2 empty switches in `\gate.$proc$counter_netlist.v:46$21'.
Removing empty process `gate.$proc$counter_netlist.v:46$21'.
Found and cleaned up 2 empty switches in `\gate.$proc$counter_netlist.v:43$20'.
Removing empty process `gate.$proc$counter_netlist.v:43$20'.
Found and cleaned up 2 empty switches in `\gate.$proc$counter_netlist.v:40$19'.
Removing empty process `gate.$proc$counter_netlist.v:40$19'.
Found and cleaned up 2 empty switches in `\gate.$proc$counter_netlist.v:37$18'.
Removing empty process `gate.$proc$counter_netlist.v:37$18'.
Found and cleaned up 2 empty switches in `\gate.$proc$counter_netlist.v:34$17'.
Removing empty process `gate.$proc$counter_netlist.v:34$17'.
Found and cleaned up 2 empty switches in `\gold.$proc$counter.v:8$1'.
Removing empty process `gold.$proc$counter.v:8$1'.
Cleaned up 18 empty switches.

3.12. Executing OPT_EXPR pass (perform const folding).
Optimizing module gate.
Optimizing module gold.

4. Executing EQUIV_MAKE pass (creating equiv checking module).
Presumably equivalent wires: count_gold (\count_gold), count_gate (\count_gate) -> count
Presumably equivalent wires: enable_gold (\enable_gold), enable_gate (\enable_gate) -> enable
Presumably equivalent wires: rst_gold (\rst_gold), rst_gate (\rst_gate) -> rst
Presumably equivalent wires: clk_gold (\clk_gold), clk_gate (\clk_gate) -> clk
Changing input A of cell $procmux$60_gate ($mux): \count_gate [0] -> \count [0]
Changing input A of cell $procmux$55_gate ($mux): \count_gate [1] -> \count [1]
Changing input A of cell $procmux$50_gate ($mux): \count_gate [2] -> \count [2]
Changing input A of cell $procmux$45_gate ($mux): \count_gate [3] -> \count [3]
Changing input A of cell $procmux$40_gate ($mux): \count_gate [4] -> \count [4]
Changing input A of cell $procmux$35_gate ($mux): \count_gate [5] -> \count [5]
Changing input A of cell $procmux$30_gate ($mux): \count_gate [6] -> \count [6]
Changing input A of cell $procmux$25_gate ($mux): \count_gate [7] -> \count [7]
Changing input B of cell $xor$counter_netlist.v:33$16_gate ($xor): \count_gate [0] -> \count [0]
Changing input A of cell $xor$counter_netlist.v:33$16_gate ($xor): \count_gate [1] -> \count [1]
Changing input A of cell $xor$counter_netlist.v:32$15_gate ($xor): \count_gate [2] -> \count [2]
Changing input A of cell $xor$counter_netlist.v:31$14_gate ($xor): \count_gate [3] -> \count [3]
Changing input A of cell $xor$counter_netlist.v:30$13_gate ($xor): \count_gate [4] -> \count [4]
Changing input A of cell $xor$counter_netlist.v:29$12_gate ($xor): \count_gate [5] -> \count [5]
Changing input A of cell $xor$counter_netlist.v:28$11_gate ($xor): \count_gate [6] -> \count [6]
Changing input A of cell $xor$counter_netlist.v:27$10_gate ($xor): \count_gate [7] -> \count [7]
Changing input A of cell $and$counter_netlist.v:26$9_gate ($and): \count_gate [6] -> \count [6]
Changing input A of cell $and$counter_netlist.v:25$8_gate ($and): \count_gate [5] -> \count [5]
Changing input A of cell $and$counter_netlist.v:24$7_gate ($and): \count_gate [4] -> \count [4]
Changing input A of cell $and$counter_netlist.v:23$6_gate ($and): \count_gate [3] -> \count [3]
Changing input A of cell $and$counter_netlist.v:22$5_gate ($and): \count_gate [2] -> \count [2]
Changing input B of cell $and$counter_netlist.v:21$4_gate ($and): \count_gate [0] -> \count [0]
Changing input A of cell $and$counter_netlist.v:21$4_gate ($and): \count_gate [1] -> \count [1]
Changing input A of cell $not$counter_netlist.v:20$3_gate ($not): \count_gate [0] -> \count [0]
Changing input A of cell $procmux$65_gold ($mux): \count_gold -> \count
Changing input A of cell $add$counter.v:12$2_gold ($add): \count_gold -> \count
Setting undriven nets to undef: \_07__gate [8]

5. Executing HIERARCHY pass (managing design hierarchy).

5.1. Analyzing design hierarchy..
Top module:  \equiv

5.2. Analyzing design hierarchy..
Top module:  \equiv
Removing unused module `\gate'.
Removing unused module `\gold'.
Removed 2 unused modules.

6. Executing EQUIV_SIMPLE pass.
Found 8 unproven $equiv cells (1 groups) in equiv:
 Grouping SAT models for \count:
  Trying to prove $equiv for \count [0]:ezsat
ezsat
 success!
  Trying to prove $equiv for \count [1]:ezsat
ezsat
 success!
  Trying to prove $equiv for \count [2]:ezsat
ezsat
 success!
  Trying to prove $equiv for \count [3]:ezsat
ezsat
 success!
  Trying to prove $equiv for \count [4]:ezsat
ezsat
 success!
  Trying to prove $equiv for \count [5]:ezsat
ezsat
 success!
  Trying to prove $equiv for \count [6]:ezsat
ezsat
 success!
  Trying to prove $equiv for \count [7]:ezsat
ezsat
 success!
Proved 8 previously unproven $equiv cells.

7. Executing EQUIV_STATUS pass.
Found 8 $equiv cells in equiv:
  Of those cells 8 are proven and 0 are unproven.
  Equivalence successfully proven!

End of script. Logfile hash: d0229bae91, time: 0.02s, user: 0.01s, system: 0.01s, MEM: 18.52 MB peak
Yosys 0.67+4 (git sha1 b88b73a99-dirty, Release, Clang /usr/local/osxcross/target/bin/aarch64-apple-darwin23.5-clang++ 18.1.8)
Time spent: 34% 4x read_verilog (0 sec), 31% 1x equiv_simple (0 sec), ...
