
 /----------------------------------------------------------------------------\
 |  yosys -- Yosys Open SYnthesis Suite                                       |
 |  Copyright (C) 2012 - 2026  Claire Xenia Wolf <claire@yosyshq.com>         |
 |  Distributed under an ISC-like license, type "license" to see terms        |
 \----------------------------------------------------------------------------/
 Yosys 0.68+80 (git sha1 621d943ac-dirty, Release, Clang /usr/bin/clang++ 21.1.8)

-- Executing script file `lhs.ys' --

1. Executing Verilog-2005 frontend: lhs.v
Parsing Verilog input from `lhs.v' to AST representation.
Generating RTLIL representation for module `\lhs'.
Successfully finished Verilog frontend.

2. Executing HIERARCHY pass (managing design hierarchy).

2.1. Analyzing design hierarchy..
Top module:  \lhs

2.2. Analyzing design hierarchy..
Top module:  \lhs
Removed 0 unused modules.

3. Executing PROC pass (convert processes to netlists).

3.1. Executing PROC_CLEAN pass (remove empty switches from decision trees).
Cleaned up 0 empty switches.

3.2. Executing PROC_RMDEAD pass (remove dead branches from decision trees).
Removed a total of 0 dead cases.

3.3. Executing PROC_PRUNE pass (remove redundant assignments in processes).
Removed 0 redundant assignments.
Promoted 0 assignments to connections.

3.4. Executing PROC_INIT pass (extract init attributes).

3.5. Executing PROC_ARST pass (detect async resets in processes).

3.6. Executing PROC_ROM pass (convert switches to ROMs).
Converted 0 switches.

3.7. Executing PROC_MUX pass (convert decision trees to multiplexers).

3.8. Executing PROC_DLATCH pass (convert process syncs to latches).

3.9. Executing PROC_DFF pass (convert process syncs to FFs).

3.10. Executing PROC_MEMWR pass (convert process memory writes to cells).

3.11. Executing PROC_CLEAN pass (remove empty switches from decision trees).
Cleaned up 0 empty switches.

3.12. Executing OPT_EXPR pass (perform const folding).
Optimizing module lhs.
<suppressed ~1 debug messages>

4. Executing FLATTEN pass (flatten design).

5. Executing OPT pass (performing simple optimizations).

5.1. Executing OPT_EXPR pass (perform const folding).
Optimizing module lhs.

5.2. Executing OPT_MERGE pass (detect identical cells).
Finding identical cells in module `\lhs'.
Computing hashes of 9140 cells of `\lhs'.
Finding duplicate cells in `\lhs'.
Removed a total of 0 cells.

5.3. Executing OPT_MUXTREE pass (detect dead branches in mux trees).
Running muxtree optimizer on module \lhs..
  Creating internal representation of mux trees.
  Evaluating internal representation of mux trees.
  Analyzing evaluation results.
Removed 0 multiplexer ports.
<suppressed ~98 debug messages>

5.4. Executing OPT_REDUCE pass (consolidate $*mux and $reduce_* inputs).
  Optimizing cells in module \lhs.
Performed a total of 0 changes.

5.5. Executing OPT_MERGE pass (detect identical cells).
Finding identical cells in module `\lhs'.
Computing hashes of 9140 cells of `\lhs'.
Finding duplicate cells in `\lhs'.
Removed a total of 0 cells.

5.6. Executing OPT_DFF pass (perform DFF optimizations).

5.7. Executing OPT_CLEAN pass (remove unused cells and wires).
Finding unused cells or wires in module \lhs..
Removed 0 unused cells and 9140 unused wires.
<suppressed ~1 debug messages>

5.8. Executing OPT_EXPR pass (perform const folding).
Optimizing module lhs.

5.9. Rerunning OPT passes. (Maybe there is more to do..)

5.10. Executing OPT_MUXTREE pass (detect dead branches in mux trees).
Running muxtree optimizer on module \lhs..
  Creating internal representation of mux trees.
  Evaluating internal representation of mux trees.
  Analyzing evaluation results.
Removed 0 multiplexer ports.
<suppressed ~98 debug messages>

5.11. Executing OPT_REDUCE pass (consolidate $*mux and $reduce_* inputs).
  Optimizing cells in module \lhs.
Performed a total of 0 changes.

5.12. Executing OPT_MERGE pass (detect identical cells).
Finding identical cells in module `\lhs'.
Computing hashes of 9140 cells of `\lhs'.
Finding duplicate cells in `\lhs'.
Removed a total of 0 cells.

5.13. Executing OPT_DFF pass (perform DFF optimizations).

5.14. Executing OPT_CLEAN pass (remove unused cells and wires).
Finding unused cells or wires in module \lhs..

5.15. Executing OPT_EXPR pass (perform const folding).
Optimizing module lhs.

5.16. Finished fast OPT passes. (There is nothing left to do.)

6. Executing MEMORY pass.

6.1. Executing OPT_MEM pass (optimize memories).
Performed a total of 0 transformations.

6.2. Executing OPT_MEM_PRIORITY pass (removing unnecessary memory write priority relations).
Performed a total of 0 transformations.

6.3. Executing OPT_MEM_FEEDBACK pass (finding memory read-to-write feedback paths).

6.4. Executing MEMORY_BMUX2ROM pass (converting muxes to ROMs).

6.5. Executing MEMORY_DFF pass (merging $dff cells to $memrd).

6.6. Executing OPT_CLEAN pass (remove unused cells and wires).
Finding unused cells or wires in module \lhs..

6.7. Executing MEMORY_SHARE pass (consolidating $memrd/$memwr cells).

6.8. Executing OPT_MEM_WIDEN pass (optimize memories where all ports are wide).
Performed a total of 0 transformations.

6.9. Executing OPT_CLEAN pass (remove unused cells and wires).
Finding unused cells or wires in module \lhs..

6.10. Executing MEMORY_COLLECT pass (generating $mem cells).

6.11. Executing MEMORY_MAP pass (converting memories to logic and flip-flops).

7. Executing OPT pass (performing simple optimizations).

7.1. Executing OPT_EXPR pass (perform const folding).
Optimizing module lhs.

7.2. Executing OPT_MERGE pass (detect identical cells).
Finding identical cells in module `\lhs'.
Computing hashes of 9140 cells of `\lhs'.
Finding duplicate cells in `\lhs'.
Removed a total of 0 cells.

7.3. Executing OPT_MUXTREE pass (detect dead branches in mux trees).
Running muxtree optimizer on module \lhs..
  Creating internal representation of mux trees.
  Evaluating internal representation of mux trees.
  Analyzing evaluation results.
Removed 0 multiplexer ports.
<suppressed ~98 debug messages>

7.4. Executing OPT_REDUCE pass (consolidate $*mux and $reduce_* inputs).
  Optimizing cells in module \lhs.
Performed a total of 0 changes.

7.5. Executing OPT_MERGE pass (detect identical cells).
Finding identical cells in module `\lhs'.
Computing hashes of 9140 cells of `\lhs'.
Finding duplicate cells in `\lhs'.
Removed a total of 0 cells.

7.6. Executing OPT_DFF pass (perform DFF optimizations).

7.7. Executing OPT_CLEAN pass (remove unused cells and wires).
Finding unused cells or wires in module \lhs..

7.8. Executing OPT_EXPR pass (perform const folding).
Optimizing module lhs.

7.9. Finished fast OPT passes. (There is nothing left to do.)

8. Executing TECHMAP pass (map to technology primitives).

8.1. Executing Verilog-2005 frontend: /data/hrm/desynth/tools/oss-cad-suite/lib/../share/yosys/techmap.v
Parsing Verilog input from `/data/hrm/desynth/tools/oss-cad-suite/lib/../share/yosys/techmap.v' to AST representation.
Generating RTLIL representation for module `\_90_simplemap_bool_ops'.
Generating RTLIL representation for module `\_90_simplemap_reduce_ops'.
Generating RTLIL representation for module `\_90_simplemap_logic_ops'.
Generating RTLIL representation for module `\_90_simplemap_compare_ops'.
Generating RTLIL representation for module `\_90_simplemap_various'.
Generating RTLIL representation for module `\_90_simplemap_registers'.
Generating RTLIL representation for module `\_90_shift_ops_shr_shl_sshl_sshr'.
Generating RTLIL representation for module `\_90_shift_shiftx'.
Generating RTLIL representation for module `\_90_fa'.
Generating RTLIL representation for module `\_90_lcu_brent_kung'.
Generating RTLIL representation for module `\_90_alu'.
Generating RTLIL representation for module `\_90_macc'.
Generating RTLIL representation for module `\_90_alumacc'.
Generating RTLIL representation for module `$__div_mod_u'.
Generating RTLIL representation for module `$__div_mod_trunc'.
Generating RTLIL representation for module `\_90_div'.
Generating RTLIL representation for module `\_90_mod'.
Generating RTLIL representation for module `$__div_mod_floor'.
Generating RTLIL representation for module `\_90_divfloor'.
Generating RTLIL representation for module `\_90_modfloor'.
Generating RTLIL representation for module `\_90_pow'.
Generating RTLIL representation for module `\_90_demux'.
Generating RTLIL representation for module `\_90_lut'.
Generating RTLIL representation for module `$connect'.
Generating RTLIL representation for module `$input_port'.
Successfully finished Verilog frontend.

8.2. Continuing TECHMAP pass.
Using extmapper simplemap for cells of type $and.
Using extmapper simplemap for cells of type $xor.
Using extmapper simplemap for cells of type $or.
Using extmapper simplemap for cells of type $not.
Using extmapper simplemap for cells of type $mux.
No more expansions possible.
<suppressed ~9217 debug messages>

9. Executing OPT pass (performing simple optimizations).

9.1. Executing OPT_EXPR pass (perform const folding).
Optimizing module lhs.

9.2. Executing OPT_MERGE pass (detect identical cells).
Finding identical cells in module `\lhs'.
Computing hashes of 9140 cells of `\lhs'.
Finding duplicate cells in `\lhs'.
Removed a total of 0 cells.

9.3. Executing OPT_MUXTREE pass (detect dead branches in mux trees).
Running muxtree optimizer on module \lhs..
  Creating internal representation of mux trees.
  No muxes found in this module.
Removed 0 multiplexer ports.

9.4. Executing OPT_REDUCE pass (consolidate $*mux and $reduce_* inputs).
  Optimizing cells in module \lhs.
Performed a total of 0 changes.

9.5. Executing OPT_MERGE pass (detect identical cells).
Finding identical cells in module `\lhs'.
Computing hashes of 9140 cells of `\lhs'.
Finding duplicate cells in `\lhs'.
Removed a total of 0 cells.

9.6. Executing OPT_DFF pass (perform DFF optimizations).

9.7. Executing OPT_CLEAN pass (remove unused cells and wires).
Finding unused cells or wires in module \lhs..

9.8. Executing OPT_EXPR pass (perform const folding).
Optimizing module lhs.

9.9. Finished fast OPT passes. (There is nothing left to do.)

10. Executing CHECK pass (checking for obvious problems).
Checking module lhs...
Found and reported 0 problems.

11. Executing AIGMAP pass (map logic to AIG).
Module lhs: replaced 4780 cells with 28876 new cells, skipped 4360 cells.
  replaced 3 cell types:
      49 $_MUX_
    1528 $_OR_
    3203 $_XOR_
  not replaced 2 cell types:
    4303 $_AND_
      57 $_NOT_

12. Executing OPT_CLEAN pass (remove unused cells and wires).
Finding unused cells or wires in module \lhs..
Removed 0 unused cells and 4780 unused wires.
<suppressed ~1 debug messages>

13. Executing CHECK pass (checking for obvious problems).
Checking module lhs...
Found and reported 0 problems.

14. Executing AIGER backend.

15. Executing JSON backend.

End of script. Logfile hash: 2e5311de19, time: 4.72s, user: 2.49s, system: 0.25s, MEM: 91.09 MB peak
Yosys 0.68+80 (git sha1 621d943ac-dirty, Release, Clang /usr/bin/clang++ 21.1.8)
Time spent: 28% 3x read_verilog (0 sec), 21% 7x opt_clean (0 sec), ...
