
 /----------------------------------------------------------------------------\
 |  yosys -- Yosys Open SYnthesis Suite                                       |
 |  Copyright (C) 2012 - 2026  Claire Xenia Wolf <claire@yosyshq.com>         |
 |  Distributed under an ISC-like license, type "license" to see terms        |
 \----------------------------------------------------------------------------/
 Yosys 0.68+80 (git sha1 621d943ac-dirty, Release, Clang /usr/bin/clang++ 21.1.8)

-- Executing script file `regenerate.ys' --

1. Executing Verilog-2005 frontend: ../cells_init.v
Parsing formal Verilog input from `../cells_init.v' to AST representation.
Generating RTLIL representation for module `\FF'.
Generating RTLIL representation for module `\INV'.
Generating RTLIL representation for module `\BUF'.
Generating RTLIL representation for module `\AND2'.
Generating RTLIL representation for module `\OR2'.
Generating RTLIL representation for module `\XOR'.
Generating RTLIL representation for module `\MUX'.
Successfully finished Verilog frontend.

2. Executing Verilog-2005 frontend: ../pico_big_netlist.v
Parsing formal Verilog input from `../pico_big_netlist.v' to AST representation.
Generating RTLIL representation for module `\picorv32'.
Successfully finished Verilog frontend.

3. Executing PREP pass.

3.1. Executing HIERARCHY pass (managing design hierarchy).

3.1.1. Analyzing design hierarchy..
Top module:  \picorv32
Used module:     \FF
Used module:     \AND2
Used module:     \MUX
Used module:     \BUF
Used module:     \OR2
Used module:     \INV
Used module:     \XOR

3.1.2. Analyzing design hierarchy..
Top module:  \picorv32
Used module:     \FF
Used module:     \AND2
Used module:     \MUX
Used module:     \BUF
Used module:     \OR2
Used module:     \INV
Used module:     \XOR
Removed 0 unused modules.

3.2. Executing PROC pass (convert processes to netlists).

3.2.1. Executing PROC_CLEAN pass (remove empty switches from decision trees).
Cleaned up 0 empty switches.

3.2.2. Executing PROC_RMDEAD pass (remove dead branches from decision trees).
Removed a total of 0 dead cases.

3.2.3. Executing PROC_PRUNE pass (remove redundant assignments in processes).
Removed 0 redundant assignments.
Promoted 2 assignments to connections.

3.2.4. Executing PROC_INIT pass (extract init attributes).
Found init rule in `\FF.$proc$../cells_init.v:1$2'.
  Set init value: \Q = 1'0

3.2.5. Executing PROC_ARST pass (detect async resets in processes).

3.2.6. Executing PROC_ROM pass (convert switches to ROMs).
Converted 0 switches.

3.2.7. Executing PROC_MUX pass (convert decision trees to multiplexers).
Creating decoders for process `\FF.$proc$../cells_init.v:1$2'.
Creating decoders for process `\FF.$proc$../cells_init.v:1$1'.

3.2.8. Executing PROC_DLATCH pass (convert process syncs to latches).

3.2.9. Executing PROC_DFF pass (convert process syncs to FFs).
Creating register for signal `\FF.\Q' using process `\FF.$proc$../cells_init.v:1$1'.
  created $dff cell `$procdff$8' with positive edge clock.

3.2.10. Executing PROC_MEMWR pass (convert process memory writes to cells).

3.2.11. Executing PROC_CLEAN pass (remove empty switches from decision trees).
Removing empty process `FF.$proc$../cells_init.v:1$2'.
Removing empty process `FF.$proc$../cells_init.v:1$1'.
Cleaned up 0 empty switches.

3.2.12. Executing OPT_EXPR pass (perform const folding).
Optimizing module picorv32.
Optimizing module MUX.
Optimizing module XOR.
Optimizing module OR2.
Optimizing module AND2.
Optimizing module BUF.
Optimizing module INV.
Optimizing module FF.

3.3. Executing FUTURE pass.

3.4. Executing OPT_EXPR pass (perform const folding).
Optimizing module picorv32.
Optimizing module MUX.
Optimizing module XOR.
Optimizing module OR2.
Optimizing module AND2.
Optimizing module BUF.
Optimizing module INV.
Optimizing module FF.

3.5. Executing OPT_CLEAN pass (remove unused cells and wires).
Finding unused cells or wires in module \picorv32..
Finding unused cells or wires in module \MUX..
Finding unused cells or wires in module \XOR..
Finding unused cells or wires in module \OR2..
Finding unused cells or wires in module \AND2..
Finding unused cells or wires in module \BUF..
Finding unused cells or wires in module \INV..
Finding unused cells or wires in module \FF..
Removed 0 unused cells and 7 unused wires.
<suppressed ~6 debug messages>

3.6. Executing CHECK pass (checking for obvious problems).
Checking module picorv32...
Checking module MUX...
Checking module XOR...
Checking module OR2...
Checking module AND2...
Checking module BUF...
Checking module INV...
Checking module FF...
Found and reported 0 problems.

3.7. Executing OPT pass (performing simple optimizations).

3.7.1. Executing OPT_EXPR pass (perform const folding).
Optimizing module picorv32.
Optimizing module MUX.
Optimizing module XOR.
Optimizing module OR2.
Optimizing module AND2.
Optimizing module BUF.
Optimizing module INV.
Optimizing module FF.

3.7.2. Executing OPT_MERGE pass (detect identical cells).
Finding identical cells in module `\picorv32'.
Computing hashes of 26571 cells of `\picorv32'.
Finding duplicate cells in `\picorv32'.
Finding identical cells in module `\MUX'.
Computing hashes of 1 cells of `\MUX'.
Finding duplicate cells in `\MUX'.
Finding identical cells in module `\XOR'.
Computing hashes of 1 cells of `\XOR'.
Finding duplicate cells in `\XOR'.
Finding identical cells in module `\OR2'.
Computing hashes of 1 cells of `\OR2'.
Finding duplicate cells in `\OR2'.
Finding identical cells in module `\AND2'.
Computing hashes of 1 cells of `\AND2'.
Finding duplicate cells in `\AND2'.
Finding identical cells in module `\BUF'.
Computing hashes of 0 cells of `\BUF'.
Finding duplicate cells in `\BUF'.
Finding identical cells in module `\INV'.
Computing hashes of 1 cells of `\INV'.
Finding duplicate cells in `\INV'.
Finding identical cells in module `\FF'.
Computing hashes of 1 cells of `\FF'.
Finding duplicate cells in `\FF'.
Removed a total of 0 cells.

3.7.3. Executing OPT_MUXTREE pass (detect dead branches in mux trees).
Running muxtree optimizer on module \picorv32..
  Creating internal representation of mux trees.
  No muxes found in this module.
Running muxtree optimizer on module \MUX..
  Creating internal representation of mux trees.
  Evaluating internal representation of mux trees.
  Analyzing evaluation results.
Running muxtree optimizer on module \XOR..
  Creating internal representation of mux trees.
  No muxes found in this module.
Running muxtree optimizer on module \OR2..
  Creating internal representation of mux trees.
  No muxes found in this module.
Running muxtree optimizer on module \AND2..
  Creating internal representation of mux trees.
  No muxes found in this module.
Running muxtree optimizer on module \BUF..
  Creating internal representation of mux trees.
  No muxes found in this module.
Running muxtree optimizer on module \INV..
  Creating internal representation of mux trees.
  No muxes found in this module.
Running muxtree optimizer on module \FF..
  Creating internal representation of mux trees.
  No muxes found in this module.
Removed 0 multiplexer ports.
<suppressed ~2 debug messages>

3.7.4. Executing OPT_REDUCE pass (consolidate $*mux and $reduce_* inputs).
  Optimizing cells in module \picorv32.
  Optimizing cells in module \MUX.
  Optimizing cells in module \XOR.
  Optimizing cells in module \OR2.
  Optimizing cells in module \AND2.
  Optimizing cells in module \BUF.
  Optimizing cells in module \INV.
  Optimizing cells in module \FF.
Performed a total of 0 changes.

3.7.5. Executing OPT_MERGE pass (detect identical cells).
Finding identical cells in module `\picorv32'.
Computing hashes of 26571 cells of `\picorv32'.
Finding duplicate cells in `\picorv32'.
Finding identical cells in module `\MUX'.
Computing hashes of 1 cells of `\MUX'.
Finding duplicate cells in `\MUX'.
Finding identical cells in module `\XOR'.
Computing hashes of 1 cells of `\XOR'.
Finding duplicate cells in `\XOR'.
Finding identical cells in module `\OR2'.
Computing hashes of 1 cells of `\OR2'.
Finding duplicate cells in `\OR2'.
Finding identical cells in module `\AND2'.
Computing hashes of 1 cells of `\AND2'.
Finding duplicate cells in `\AND2'.
Finding identical cells in module `\BUF'.
Computing hashes of 0 cells of `\BUF'.
Finding duplicate cells in `\BUF'.
Finding identical cells in module `\INV'.
Computing hashes of 1 cells of `\INV'.
Finding duplicate cells in `\INV'.
Finding identical cells in module `\FF'.
Computing hashes of 1 cells of `\FF'.
Finding duplicate cells in `\FF'.
Removed a total of 0 cells.

3.7.6. Executing OPT_CLEAN pass (remove unused cells and wires).
Finding unused cells or wires in module \picorv32..
Finding unused cells or wires in module \MUX..
Finding unused cells or wires in module \XOR..
Finding unused cells or wires in module \OR2..
Finding unused cells or wires in module \AND2..
Finding unused cells or wires in module \BUF..
Finding unused cells or wires in module \INV..
Finding unused cells or wires in module \FF..

3.7.7. Executing OPT_EXPR pass (perform const folding).
Optimizing module picorv32.
Optimizing module MUX.
Optimizing module XOR.
Optimizing module OR2.
Optimizing module AND2.
Optimizing module BUF.
Optimizing module INV.
Optimizing module FF.

3.7.8. Finished fast OPT passes. (There is nothing left to do.)

3.8. Executing WREDUCE pass (reducing word size of cells).
Removed top 2 bits (of 4) from wire picorv32.genblk1.pcpi_mul.active.
Removed top 1 bits (of 6) from wire picorv32.decoded_rd.
Removed top 58 bits (of 64) from wire picorv32._24002_.
Removed top 59 bits (of 64) from wire picorv32._24001_.
Removed top 60 bits (of 64) from wire picorv32._24000_.
Removed top 61 bits (of 64) from wire picorv32._23999_.
Removed top 62 bits (of 64) from wire picorv32._23998_.
Removed top 63 bits (of 64) from wire picorv32._23997_.

3.9. Executing OPT_CLEAN pass (remove unused cells and wires).
Finding unused cells or wires in module \picorv32..
Finding unused cells or wires in module \MUX..
Finding unused cells or wires in module \XOR..
Finding unused cells or wires in module \OR2..
Finding unused cells or wires in module \AND2..
Finding unused cells or wires in module \BUF..
Finding unused cells or wires in module \INV..
Finding unused cells or wires in module \FF..
Removed 0 unused cells and 8 unused wires.
<suppressed ~1 debug messages>

3.10. Executing MEMORY_COLLECT pass (generating $mem cells).

3.11. Executing OPT pass (performing simple optimizations).

3.11.1. Executing OPT_EXPR pass (perform const folding).
Optimizing module picorv32.
Optimizing module MUX.
Optimizing module XOR.
Optimizing module OR2.
Optimizing module AND2.
Optimizing module BUF.
Optimizing module INV.
Optimizing module FF.

3.11.2. Executing OPT_MERGE pass (detect identical cells).
Finding identical cells in module `\picorv32'.
Computing hashes of 26571 cells of `\picorv32'.
Finding duplicate cells in `\picorv32'.
Finding identical cells in module `\MUX'.
Computing hashes of 1 cells of `\MUX'.
Finding duplicate cells in `\MUX'.
Finding identical cells in module `\XOR'.
Computing hashes of 1 cells of `\XOR'.
Finding duplicate cells in `\XOR'.
Finding identical cells in module `\OR2'.
Computing hashes of 1 cells of `\OR2'.
Finding duplicate cells in `\OR2'.
Finding identical cells in module `\AND2'.
Computing hashes of 1 cells of `\AND2'.
Finding duplicate cells in `\AND2'.
Finding identical cells in module `\BUF'.
Computing hashes of 0 cells of `\BUF'.
Finding duplicate cells in `\BUF'.
Finding identical cells in module `\INV'.
Computing hashes of 1 cells of `\INV'.
Finding duplicate cells in `\INV'.
Finding identical cells in module `\FF'.
Computing hashes of 1 cells of `\FF'.
Finding duplicate cells in `\FF'.
Removed a total of 0 cells.

3.11.3. Executing OPT_CLEAN pass (remove unused cells and wires).
Finding unused cells or wires in module \picorv32..
Finding unused cells or wires in module \MUX..
Finding unused cells or wires in module \XOR..
Finding unused cells or wires in module \OR2..
Finding unused cells or wires in module \AND2..
Finding unused cells or wires in module \BUF..
Finding unused cells or wires in module \INV..
Finding unused cells or wires in module \FF..

3.11.4. Finished fast OPT passes.

3.12. Executing SORT pass.

3.13. Printing statistics.

=== AND2 ===

        +----------Local Count, excluding submodules.
        | 
        3 wires
        3 wire bits
        3 public wires
        3 public wire bits
        3 ports
        3 port bits
        1 cells
        1   $and

=== BUF ===

        +----------Local Count, excluding submodules.
        | 
        2 wires
        2 wire bits
        2 public wires
        2 public wire bits
        2 ports
        2 port bits

=== FF ===

        +----------Local Count, excluding submodules.
        | 
        3 wires
        3 wire bits
        3 public wires
        3 public wire bits
        3 ports
        3 port bits
        1 cells
        1   $dff

=== INV ===

        +----------Local Count, excluding submodules.
        | 
        2 wires
        2 wire bits
        2 public wires
        2 public wire bits
        2 ports
        2 port bits
        1 cells
        1   $not

=== MUX ===

        +----------Local Count, excluding submodules.
        | 
        4 wires
        4 wire bits
        4 public wires
        4 public wire bits
        4 ports
        4 port bits
        1 cells
        1   $mux

=== OR2 ===

        +----------Local Count, excluding submodules.
        | 
        3 wires
        3 wire bits
        3 public wires
        3 public wire bits
        3 ports
        3 port bits
        1 cells
        1   $or

=== XOR ===

        +----------Local Count, excluding submodules.
        | 
        3 wires
        3 wire bits
        3 public wires
        3 public wire bits
        3 ports
        3 port bits
        1 cells
        1   $xor

=== picorv32 ===

        +----------Local Count, excluding submodules.
        | 
    24235 wires
    27197 wire bits
    24235 public wires
    27197 public wire bits
       27 ports
      409 port bits
    26571 submodules
    10153   AND2
       32   BUF
     2313   FF
      694   INV
     3549   MUX
     6144   OR2
     3686   XOR

=== design hierarchy ===

        +----------Count including submodules.
        | 
    26539 picorv32
        1 AND2
        1 FF
        1 INV
        1 MUX
        1 OR2
        1 XOR

        +----------Count including submodules.
        | 
   106771 wires
   109733 wire bits
   106771 public wires
   109733 public wire bits
    82563 ports
    82945 port bits
        - memories
        - memory bits
        - processes
    26539 cells
    10153   $and
     2313   $dff
     3549   $mux
      694   $not
     6144   $or
     3686   $xor
    26571 submodules
    10153   AND2
       32   BUF
     2313   FF
      694   INV
     3549   MUX
     6144   OR2
     3686   XOR

3.14. Executing CHECK pass (checking for obvious problems).
Checking module AND2...
Checking module BUF...
Checking module FF...
Checking module INV...
Checking module MUX...
Checking module OR2...
Checking module XOR...
Checking module picorv32...
Found and reported 0 problems.

4. Executing CHECK pass (checking for obvious problems).
Checking module AND2...
Checking module BUF...
Checking module FF...
Checking module INV...
Checking module MUX...
Checking module OR2...
Checking module XOR...
Checking module picorv32...
Found and reported 0 problems.

5. Executing JSON backend.

End of script. Logfile hash: 11fb9f8f24, time: 3.51s, user: 3.82s, system: 0.26s, MEM: 243.55 MB peak
Yosys 0.68+80 (git sha1 621d943ac-dirty, Release, Clang /usr/bin/clang++ 21.1.8)
Time spent: 63% 3x read_verilog (2 sec), 14% 4x opt_clean (0 sec), ...
