
 /----------------------------------------------------------------------------\
 |  yosys -- Yosys Open SYnthesis Suite                                       |
 |  Copyright (C) 2012 - 2026  Claire Xenia Wolf <claire@yosyshq.com>         |
 |  Distributed under an ISC-like license, type "license" to see terms        |
 \----------------------------------------------------------------------------/
 Yosys 0.68+80 (git sha1 621d943ac-dirty, Release, Clang /usr/bin/clang++ 21.1.8)

-- Executing script file `rhs.ys' --

1. Executing Verilog-2005 frontend: rhs.v
Parsing Verilog input from `rhs.v' to AST representation.
Generating RTLIL representation for module `\rhs'.
Successfully finished Verilog frontend.

2. Executing HIERARCHY pass (managing design hierarchy).

2.1. Analyzing design hierarchy..
Top module:  \rhs

2.2. Analyzing design hierarchy..
Top module:  \rhs
Removed 0 unused modules.

3. Executing PROC pass (convert processes to netlists).

3.1. Executing PROC_CLEAN pass (remove empty switches from decision trees).
Cleaned up 0 empty switches.

3.2. Executing PROC_RMDEAD pass (remove dead branches from decision trees).
Removed a total of 0 dead cases.

3.3. Executing PROC_PRUNE pass (remove redundant assignments in processes).
Removed 0 redundant assignments.
Promoted 0 assignments to connections.

3.4. Executing PROC_INIT pass (extract init attributes).

3.5. Executing PROC_ARST pass (detect async resets in processes).

3.6. Executing PROC_ROM pass (convert switches to ROMs).
Converted 0 switches.

3.7. Executing PROC_MUX pass (convert decision trees to multiplexers).

3.8. Executing PROC_DLATCH pass (convert process syncs to latches).

3.9. Executing PROC_DFF pass (convert process syncs to FFs).

3.10. Executing PROC_MEMWR pass (convert process memory writes to cells).

3.11. Executing PROC_CLEAN pass (remove empty switches from decision trees).
Cleaned up 0 empty switches.

3.12. Executing OPT_EXPR pass (perform const folding).
Optimizing module rhs.

4. Executing FLATTEN pass (flatten design).

5. Executing OPT pass (performing simple optimizations).

5.1. Executing OPT_EXPR pass (perform const folding).
Optimizing module rhs.

5.2. Executing OPT_MERGE pass (detect identical cells).
Finding identical cells in module `\rhs'.
Computing hashes of 1 cells of `\rhs'.
Finding duplicate cells in `\rhs'.
Removed a total of 0 cells.

5.3. Executing OPT_MUXTREE pass (detect dead branches in mux trees).
Running muxtree optimizer on module \rhs..
  Creating internal representation of mux trees.
  No muxes found in this module.
Removed 0 multiplexer ports.

5.4. Executing OPT_REDUCE pass (consolidate $*mux and $reduce_* inputs).
  Optimizing cells in module \rhs.
Performed a total of 0 changes.

5.5. Executing OPT_MERGE pass (detect identical cells).
Finding identical cells in module `\rhs'.
Computing hashes of 1 cells of `\rhs'.
Finding duplicate cells in `\rhs'.
Removed a total of 0 cells.

5.6. Executing OPT_DFF pass (perform DFF optimizations).

5.7. Executing OPT_CLEAN pass (remove unused cells and wires).
Finding unused cells or wires in module \rhs..
Removed 0 unused cells and 1 unused wires.
<suppressed ~1 debug messages>

5.8. Executing OPT_EXPR pass (perform const folding).
Optimizing module rhs.

5.9. Rerunning OPT passes. (Maybe there is more to do..)

5.10. Executing OPT_MUXTREE pass (detect dead branches in mux trees).
Running muxtree optimizer on module \rhs..
  Creating internal representation of mux trees.
  No muxes found in this module.
Removed 0 multiplexer ports.

5.11. Executing OPT_REDUCE pass (consolidate $*mux and $reduce_* inputs).
  Optimizing cells in module \rhs.
Performed a total of 0 changes.

5.12. Executing OPT_MERGE pass (detect identical cells).
Finding identical cells in module `\rhs'.
Computing hashes of 1 cells of `\rhs'.
Finding duplicate cells in `\rhs'.
Removed a total of 0 cells.

5.13. Executing OPT_DFF pass (perform DFF optimizations).

5.14. Executing OPT_CLEAN pass (remove unused cells and wires).
Finding unused cells or wires in module \rhs..

5.15. Executing OPT_EXPR pass (perform const folding).
Optimizing module rhs.

5.16. Finished fast OPT passes. (There is nothing left to do.)

6. Executing MEMORY pass.

6.1. Executing OPT_MEM pass (optimize memories).
Performed a total of 0 transformations.

6.2. Executing OPT_MEM_PRIORITY pass (removing unnecessary memory write priority relations).
Performed a total of 0 transformations.

6.3. Executing OPT_MEM_FEEDBACK pass (finding memory read-to-write feedback paths).

6.4. Executing MEMORY_BMUX2ROM pass (converting muxes to ROMs).

6.5. Executing MEMORY_DFF pass (merging $dff cells to $memrd).

6.6. Executing OPT_CLEAN pass (remove unused cells and wires).
Finding unused cells or wires in module \rhs..

6.7. Executing MEMORY_SHARE pass (consolidating $memrd/$memwr cells).

6.8. Executing OPT_MEM_WIDEN pass (optimize memories where all ports are wide).
Performed a total of 0 transformations.

6.9. Executing OPT_CLEAN pass (remove unused cells and wires).
Finding unused cells or wires in module \rhs..

6.10. Executing MEMORY_COLLECT pass (generating $mem cells).

6.11. Executing MEMORY_MAP pass (converting memories to logic and flip-flops).

7. Executing OPT pass (performing simple optimizations).

7.1. Executing OPT_EXPR pass (perform const folding).
Optimizing module rhs.

7.2. Executing OPT_MERGE pass (detect identical cells).
Finding identical cells in module `\rhs'.
Computing hashes of 1 cells of `\rhs'.
Finding duplicate cells in `\rhs'.
Removed a total of 0 cells.

7.3. Executing OPT_MUXTREE pass (detect dead branches in mux trees).
Running muxtree optimizer on module \rhs..
  Creating internal representation of mux trees.
  No muxes found in this module.
Removed 0 multiplexer ports.

7.4. Executing OPT_REDUCE pass (consolidate $*mux and $reduce_* inputs).
  Optimizing cells in module \rhs.
Performed a total of 0 changes.

7.5. Executing OPT_MERGE pass (detect identical cells).
Finding identical cells in module `\rhs'.
Computing hashes of 1 cells of `\rhs'.
Finding duplicate cells in `\rhs'.
Removed a total of 0 cells.

7.6. Executing OPT_DFF pass (perform DFF optimizations).

7.7. Executing OPT_CLEAN pass (remove unused cells and wires).
Finding unused cells or wires in module \rhs..

7.8. Executing OPT_EXPR pass (perform const folding).
Optimizing module rhs.

7.9. Finished fast OPT passes. (There is nothing left to do.)

8. Executing TECHMAP pass (map to technology primitives).

8.1. Executing Verilog-2005 frontend: /data/hrm/desynth/tools/oss-cad-suite/lib/../share/yosys/techmap.v
Parsing Verilog input from `/data/hrm/desynth/tools/oss-cad-suite/lib/../share/yosys/techmap.v' to AST representation.
Generating RTLIL representation for module `\_90_simplemap_bool_ops'.
Generating RTLIL representation for module `\_90_simplemap_reduce_ops'.
Generating RTLIL representation for module `\_90_simplemap_logic_ops'.
Generating RTLIL representation for module `\_90_simplemap_compare_ops'.
Generating RTLIL representation for module `\_90_simplemap_various'.
Generating RTLIL representation for module `\_90_simplemap_registers'.
Generating RTLIL representation for module `\_90_shift_ops_shr_shl_sshl_sshr'.
Generating RTLIL representation for module `\_90_shift_shiftx'.
Generating RTLIL representation for module `\_90_fa'.
Generating RTLIL representation for module `\_90_lcu_brent_kung'.
Generating RTLIL representation for module `\_90_alu'.
Generating RTLIL representation for module `\_90_macc'.
Generating RTLIL representation for module `\_90_alumacc'.
Generating RTLIL representation for module `$__div_mod_u'.
Generating RTLIL representation for module `$__div_mod_trunc'.
Generating RTLIL representation for module `\_90_div'.
Generating RTLIL representation for module `\_90_mod'.
Generating RTLIL representation for module `$__div_mod_floor'.
Generating RTLIL representation for module `\_90_divfloor'.
Generating RTLIL representation for module `\_90_modfloor'.
Generating RTLIL representation for module `\_90_pow'.
Generating RTLIL representation for module `\_90_demux'.
Generating RTLIL representation for module `\_90_lut'.
Generating RTLIL representation for module `$connect'.
Generating RTLIL representation for module `$input_port'.
Successfully finished Verilog frontend.

8.2. Continuing TECHMAP pass.
Running "alumacc" on wrapper $extern:wrap:$mul:Y_WIDTH=64:B_WIDTH=64:A_WIDTH=64:B_SIGNED=1:A_SIGNED=1:394426c56d1a028ba8fdd5469b163e04011def47.
Using template $extern:wrap:$mul:Y_WIDTH=64:B_WIDTH=64:A_WIDTH=64:B_SIGNED=1:A_SIGNED=1:394426c56d1a028ba8fdd5469b163e04011def47 for cells of type $extern:wrap:$mul:Y_WIDTH=64:B_WIDTH=64:A_WIDTH=64:B_SIGNED=1:A_SIGNED=1:394426c56d1a028ba8fdd5469b163e04011def47.
Using extmapper maccmap for cells of type $macc_v2.
  add { \a [32] \a [32] \a [32] \a [32] \a [32] \a [32] \a [32] \a [32] \a [32] \a [32] \a [32] \a [32] \a [32] \a [32] \a [32] \a [32] \a [32] \a [32] \a [32] \a [32] \a [32] \a [32] \a [32] \a [32] \a [32] \a [32] \a [32] \a [32] \a [32] \a [32] \a [32] \a } * { \b [32] \b [32] \b [32] \b [32] \b [32] \b [32] \b [32] \b [32] \b [32] \b [32] \b [32] \b [32] \b [32] \b [32] \b [32] \b [32] \b [32] \b [32] \b [32] \b [32] \b [32] \b [32] \b [32] \b [32] \b [32] \b [32] \b [32] \b [32] \b [32] \b [32] \b [32] \b } (64x64 bits, signed)
Using template $paramod\_90_fa\WIDTH=32'00000000000000000000000001000000 for cells of type $fa.
Using template $paramod$039520c137afc9cd69dd56c3fb11a4e1fbe5f664\_90_alu for cells of type $alu.
Using extmapper simplemap for cells of type $and.
Using extmapper simplemap for cells of type $not.
Using extmapper simplemap for cells of type $or.
Using extmapper simplemap for cells of type $xor.
Using template $paramod\_90_lcu_brent_kung\WIDTH=32'00000000000000000000000001000000 for cells of type $lcu.
Using extmapper simplemap for cells of type $pos.
Using extmapper simplemap for cells of type $mux.
No more expansions possible.
<suppressed ~1047 debug messages>

9. Executing OPT pass (performing simple optimizations).

9.1. Executing OPT_EXPR pass (perform const folding).
Optimizing module rhs.
<suppressed ~12371 debug messages>

9.2. Executing OPT_MERGE pass (detect identical cells).
Finding identical cells in module `\rhs'.
Computing hashes of 12698 cells of `\rhs'.
Finding duplicate cells in `\rhs'.
Computing hashes of 11707 cells of `\rhs'.
Finding duplicate cells in `\rhs'.
Computing hashes of 11109 cells of `\rhs'.
Finding duplicate cells in `\rhs'.
Computing hashes of 10587 cells of `\rhs'.
Finding duplicate cells in `\rhs'.
Computing hashes of 10304 cells of `\rhs'.
Finding duplicate cells in `\rhs'.
Computing hashes of 10038 cells of `\rhs'.
Finding duplicate cells in `\rhs'.
Computing hashes of 9819 cells of `\rhs'.
Finding duplicate cells in `\rhs'.
Computing hashes of 9712 cells of `\rhs'.
Finding duplicate cells in `\rhs'.
Computing hashes of 9594 cells of `\rhs'.
Finding duplicate cells in `\rhs'.
Computing hashes of 9522 cells of `\rhs'.
Finding duplicate cells in `\rhs'.
Computing hashes of 9486 cells of `\rhs'.
Finding duplicate cells in `\rhs'.
Computing hashes of 9458 cells of `\rhs'.
Finding duplicate cells in `\rhs'.
Computing hashes of 9430 cells of `\rhs'.
Finding duplicate cells in `\rhs'.
Computing hashes of 9416 cells of `\rhs'.
Finding duplicate cells in `\rhs'.
Computing hashes of 9410 cells of `\rhs'.
Finding duplicate cells in `\rhs'.
Computing hashes of 9404 cells of `\rhs'.
Finding duplicate cells in `\rhs'.
Computing hashes of 9401 cells of `\rhs'.
Finding duplicate cells in `\rhs'.
Computing hashes of 9397 cells of `\rhs'.
Finding duplicate cells in `\rhs'.
Computing hashes of 9395 cells of `\rhs'.
Finding duplicate cells in `\rhs'.
Computing hashes of 9394 cells of `\rhs'.
Finding duplicate cells in `\rhs'.
<suppressed ~9912 debug messages>
Removed a total of 3304 cells.

9.3. Executing OPT_MUXTREE pass (detect dead branches in mux trees).
Running muxtree optimizer on module \rhs..
  Creating internal representation of mux trees.
  No muxes found in this module.
Removed 0 multiplexer ports.

9.4. Executing OPT_REDUCE pass (consolidate $*mux and $reduce_* inputs).
  Optimizing cells in module \rhs.
Performed a total of 0 changes.

9.5. Executing OPT_MERGE pass (detect identical cells).
Finding identical cells in module `\rhs'.
Computing hashes of 9394 cells of `\rhs'.
Finding duplicate cells in `\rhs'.
Removed a total of 0 cells.

9.6. Executing OPT_DFF pass (perform DFF optimizations).

9.7. Executing OPT_CLEAN pass (remove unused cells and wires).
Finding unused cells or wires in module \rhs..
Removed 166 unused cells and 710 unused wires.
<suppressed ~167 debug messages>

9.8. Executing OPT_EXPR pass (perform const folding).
Optimizing module rhs.

9.9. Rerunning OPT passes. (Maybe there is more to do..)

9.10. Executing OPT_MUXTREE pass (detect dead branches in mux trees).
Running muxtree optimizer on module \rhs..
  Creating internal representation of mux trees.
  No muxes found in this module.
Removed 0 multiplexer ports.

9.11. Executing OPT_REDUCE pass (consolidate $*mux and $reduce_* inputs).
  Optimizing cells in module \rhs.
Performed a total of 0 changes.

9.12. Executing OPT_MERGE pass (detect identical cells).
Finding identical cells in module `\rhs'.
Computing hashes of 9228 cells of `\rhs'.
Finding duplicate cells in `\rhs'.
Removed a total of 0 cells.

9.13. Executing OPT_DFF pass (perform DFF optimizations).

9.14. Executing OPT_CLEAN pass (remove unused cells and wires).
Finding unused cells or wires in module \rhs..

9.15. Executing OPT_EXPR pass (perform const folding).
Optimizing module rhs.

9.16. Finished fast OPT passes. (There is nothing left to do.)

10. Executing CHECK pass (checking for obvious problems).
Checking module rhs...
Found and reported 0 problems.

11. Executing AIGMAP pass (map logic to AIG).
Module rhs: replaced 4823 cells with 29117 new cells, skipped 4405 cells.
  replaced 2 cell types:
    1548 $_OR_
    3275 $_XOR_
  not replaced 2 cell types:
    4404 $_AND_
       1 $_NOT_

12. Executing OPT_CLEAN pass (remove unused cells and wires).
Finding unused cells or wires in module \rhs..
Removed 0 unused cells and 4823 unused wires.
<suppressed ~1 debug messages>

13. Executing CHECK pass (checking for obvious problems).
Checking module rhs...
Found and reported 0 problems.

14. Executing AIGER backend.

15. Executing JSON backend.

End of script. Logfile hash: fc5491fd52, time: 1.21s, user: 1.58s, system: 0.20s, MEM: 110.59 MB peak
Yosys 0.68+80 (git sha1 621d943ac-dirty, Release, Clang /usr/bin/clang++ 21.1.8)
Time spent: 26% 9x opt_clean (0 sec), 16% 11x opt_expr (0 sec), ...
