
 /----------------------------------------------------------------------------\
 |  yosys -- Yosys Open SYnthesis Suite                                       |
 |  Copyright (C) 2012 - 2026  Claire Xenia Wolf <claire@yosyshq.com>         |
 |  Distributed under an ISC-like license, type "license" to see terms        |
 \----------------------------------------------------------------------------/
 Yosys 0.67+4 (git sha1 b88b73a99-dirty, Release, Clang /usr/local/osxcross/target/bin/aarch64-apple-darwin23.5-clang++ 18.1.8)

-- Executing script file `synth.ys' --

1. Executing Verilog-2005 frontend: traffic.v
Parsing Verilog input from `traffic.v' to AST representation.
Generating RTLIL representation for module `\traffic'.
Successfully finished Verilog frontend.

2. Executing HIERARCHY pass (managing design hierarchy).

2.1. Analyzing design hierarchy..
Top module:  \traffic

2.2. Analyzing design hierarchy..
Top module:  \traffic
Removed 0 unused modules.

3. Executing PROC pass (convert processes to netlists).

3.1. Executing PROC_CLEAN pass (remove empty switches from decision trees).
Cleaned up 0 empty switches.

3.2. Executing PROC_RMDEAD pass (remove dead branches from decision trees).
Marked 3 switch rules as full_case in process $proc$traffic.v:21$1 in module traffic.
Removed a total of 0 dead cases.

3.3. Executing PROC_PRUNE pass (remove redundant assignments in processes).
Removed 0 redundant assignments.
Promoted 0 assignments to connections.

3.4. Executing PROC_INIT pass (extract init attributes).

3.5. Executing PROC_ARST pass (detect async resets in processes).

3.6. Executing PROC_ROM pass (convert switches to ROMs).
Converted 0 switches.
<suppressed ~3 debug messages>

3.7. Executing PROC_MUX pass (convert decision trees to multiplexers).
Creating decoders for process `\traffic.$proc$traffic.v:21$1'.
     1/2: $0\timer[7:0]
     2/2: $0\state[1:0]

3.8. Executing PROC_DLATCH pass (convert process syncs to latches).

3.9. Executing PROC_DFF pass (convert process syncs to FFs).
Creating register for signal `\traffic.\state' using process `\traffic.$proc$traffic.v:21$1'.
  created $dff cell `$procdff$26' with positive edge clock.
Creating register for signal `\traffic.\timer' using process `\traffic.$proc$traffic.v:21$1'.
  created $dff cell `$procdff$27' with positive edge clock.

3.10. Executing PROC_MEMWR pass (convert process memory writes to cells).

3.11. Executing PROC_CLEAN pass (remove empty switches from decision trees).
Found and cleaned up 3 empty switches in `\traffic.$proc$traffic.v:21$1'.
Removing empty process `traffic.$proc$traffic.v:21$1'.
Cleaned up 3 empty switches.

3.12. Executing OPT_EXPR pass (perform const folding).
Optimizing module traffic.
<suppressed ~3 debug messages>

4. Executing OPT pass (performing simple optimizations).

4.1. Executing OPT_EXPR pass (perform const folding).
Optimizing module traffic.

4.2. Executing OPT_MERGE pass (detect identical cells).
Finding identical cells in module `\traffic'.
Computing hashes of 15 cells of `\traffic'.
Finding duplicate cells in `\traffic'.
Computing hashes of 13 cells of `\traffic'.
Finding duplicate cells in `\traffic'.
<suppressed ~6 debug messages>
Removed a total of 2 cells.

4.3. Executing OPT_MUXTREE pass (detect dead branches in mux trees).
Running muxtree optimizer on module \traffic..
  Creating internal representation of mux trees.
  Evaluating internal representation of mux trees.
  Analyzing evaluation results.
Removed 0 multiplexer ports.
<suppressed ~8 debug messages>

4.4. Executing OPT_REDUCE pass (consolidate $*mux and $reduce_* inputs).
  Optimizing cells in module \traffic.
Performed a total of 0 changes.

4.5. Executing OPT_MERGE pass (detect identical cells).
Finding identical cells in module `\traffic'.
Computing hashes of 13 cells of `\traffic'.
Finding duplicate cells in `\traffic'.
Removed a total of 0 cells.

4.6. Executing OPT_DFF pass (perform DFF optimizations).
Adding SRST signal on $procdff$26 ($dff) from module traffic (D = $procmux$21_Y, Q = \state, rval = 2'00).
Adding EN signal on $auto$ff.cc:337:slice$28 ($sdff) from module traffic (D = $procmux$18_Y, Q = \state).
Adding SRST signal on $procdff$27 ($dff) from module traffic (D = $procmux$10_Y, Q = \timer, rval = 8'00010100).
Adding EN signal on $auto$ff.cc:337:slice$30 ($sdff) from module traffic (D = $procmux$10_Y, Q = \timer).

4.7. Executing OPT_CLEAN pass (remove unused cells and wires).
Finding unused cells or wires in module \traffic..
Removed 3 unused cells and 11 unused wires.
<suppressed ~4 debug messages>

4.8. Executing OPT_EXPR pass (perform const folding).
Optimizing module traffic.

4.9. Rerunning OPT passes. (Maybe there is more to do..)

4.10. Executing OPT_MUXTREE pass (detect dead branches in mux trees).
Running muxtree optimizer on module \traffic..
  Creating internal representation of mux trees.
  Evaluating internal representation of mux trees.
  Analyzing evaluation results.
Removed 0 multiplexer ports.
<suppressed ~5 debug messages>

4.11. Executing OPT_REDUCE pass (consolidate $*mux and $reduce_* inputs).
  Optimizing cells in module \traffic.
Performed a total of 0 changes.

4.12. Executing OPT_MERGE pass (detect identical cells).
Finding identical cells in module `\traffic'.
Computing hashes of 11 cells of `\traffic'.
Finding duplicate cells in `\traffic'.
Removed a total of 0 cells.

4.13. Executing OPT_DFF pass (perform DFF optimizations).

4.14. Executing OPT_CLEAN pass (remove unused cells and wires).
Finding unused cells or wires in module \traffic..

4.15. Executing OPT_EXPR pass (perform const folding).
Optimizing module traffic.

4.16. Finished fast OPT passes. (There is nothing left to do.)

5. Executing TECHMAP pass (map to technology primitives).

5.1. Executing Verilog-2005 frontend: /Users/blackbox/try_hai/oss-cad-suite/libexec/../share/yosys/techmap.v
Parsing Verilog input from `/Users/blackbox/try_hai/oss-cad-suite/libexec/../share/yosys/techmap.v' to AST representation.
Generating RTLIL representation for module `\_90_simplemap_bool_ops'.
Generating RTLIL representation for module `\_90_simplemap_reduce_ops'.
Generating RTLIL representation for module `\_90_simplemap_logic_ops'.
Generating RTLIL representation for module `\_90_simplemap_compare_ops'.
Generating RTLIL representation for module `\_90_simplemap_various'.
Generating RTLIL representation for module `\_90_simplemap_registers'.
Generating RTLIL representation for module `\_90_shift_ops_shr_shl_sshl_sshr'.
Generating RTLIL representation for module `\_90_shift_shiftx'.
Generating RTLIL representation for module `\_90_fa'.
Generating RTLIL representation for module `\_90_lcu_brent_kung'.
Generating RTLIL representation for module `\_90_alu'.
Generating RTLIL representation for module `\_90_macc'.
Generating RTLIL representation for module `\_90_alumacc'.
Generating RTLIL representation for module `$__div_mod_u'.
Generating RTLIL representation for module `$__div_mod_trunc'.
Generating RTLIL representation for module `\_90_div'.
Generating RTLIL representation for module `\_90_mod'.
Generating RTLIL representation for module `$__div_mod_floor'.
Generating RTLIL representation for module `\_90_divfloor'.
Generating RTLIL representation for module `\_90_modfloor'.
Generating RTLIL representation for module `\_90_pow'.
Generating RTLIL representation for module `\_90_demux'.
Generating RTLIL representation for module `\_90_lut'.
Generating RTLIL representation for module `$connect'.
Generating RTLIL representation for module `$input_port'.
Successfully finished Verilog frontend.

5.2. Continuing TECHMAP pass.
Using extmapper simplemap for cells of type $ne.
Using extmapper simplemap for cells of type $sdffe.
Using extmapper simplemap for cells of type $logic_not.
Running "alumacc" on wrapper $extern:wrap:$sub:Y_WIDTH=32:B_WIDTH=32:A_WIDTH=8:B_SIGNED=0:A_SIGNED=0:394426c56d1a028ba8fdd5469b163e04011def47.
Using template $extern:wrap:$sub:Y_WIDTH=32:B_WIDTH=32:A_WIDTH=8:B_SIGNED=0:A_SIGNED=0:394426c56d1a028ba8fdd5469b163e04011def47 for cells of type $extern:wrap:$sub:Y_WIDTH=32:B_WIDTH=32:A_WIDTH=8:B_SIGNED=0:A_SIGNED=0:394426c56d1a028ba8fdd5469b163e04011def47.
Using extmapper simplemap for cells of type $eq.
Using extmapper simplemap for cells of type $pmux.
Using extmapper simplemap for cells of type $mux.
Using template $paramod$91f82ead1edc61e0a1452110f15ef747116b421b\_90_alu for cells of type $alu.
Using extmapper simplemap for cells of type $xor.
Using template $paramod\_90_fa\WIDTH=32'00000000000000000000000000100000 for cells of type $fa.
Using template $paramod\_90_lcu_brent_kung\WIDTH=32'00000000000000000000000000100000 for cells of type $lcu.
Using extmapper simplemap for cells of type $pos.
Using extmapper simplemap for cells of type $not.
Using extmapper simplemap for cells of type $or.
Using extmapper simplemap for cells of type $and.
No more expansions possible.
<suppressed ~427 debug messages>

6. Executing OPT pass (performing simple optimizations).

6.1. Executing OPT_EXPR pass (perform const folding).
Optimizing module traffic.
<suppressed ~450 debug messages>

6.2. Executing OPT_MERGE pass (detect identical cells).
Finding identical cells in module `\traffic'.
Computing hashes of 118 cells of `\traffic'.
Finding duplicate cells in `\traffic'.
Computing hashes of 89 cells of `\traffic'.
Finding duplicate cells in `\traffic'.
Computing hashes of 88 cells of `\traffic'.
Finding duplicate cells in `\traffic'.
<suppressed ~90 debug messages>
Removed a total of 30 cells.

6.3. Executing OPT_MUXTREE pass (detect dead branches in mux trees).
Running muxtree optimizer on module \traffic..
  Creating internal representation of mux trees.
  No muxes found in this module.
Removed 0 multiplexer ports.

6.4. Executing OPT_REDUCE pass (consolidate $*mux and $reduce_* inputs).
  Optimizing cells in module \traffic.
Performed a total of 0 changes.

6.5. Executing OPT_MERGE pass (detect identical cells).
Finding identical cells in module `\traffic'.
Computing hashes of 88 cells of `\traffic'.
Finding duplicate cells in `\traffic'.
Removed a total of 0 cells.

6.6. Executing OPT_DFF pass (perform DFF optimizations).

6.7. Executing OPT_CLEAN pass (remove unused cells and wires).
Finding unused cells or wires in module \traffic..
Removed 9 unused cells and 250 unused wires.
<suppressed ~10 debug messages>

6.8. Executing OPT_EXPR pass (perform const folding).
Optimizing module traffic.

6.9. Rerunning OPT passes. (Maybe there is more to do..)

6.10. Executing OPT_MUXTREE pass (detect dead branches in mux trees).
Running muxtree optimizer on module \traffic..
  Creating internal representation of mux trees.
  No muxes found in this module.
Removed 0 multiplexer ports.

6.11. Executing OPT_REDUCE pass (consolidate $*mux and $reduce_* inputs).
  Optimizing cells in module \traffic.
Performed a total of 0 changes.

6.12. Executing OPT_MERGE pass (detect identical cells).
Finding identical cells in module `\traffic'.
Computing hashes of 79 cells of `\traffic'.
Finding duplicate cells in `\traffic'.
Removed a total of 0 cells.

6.13. Executing OPT_DFF pass (perform DFF optimizations).

6.14. Executing OPT_CLEAN pass (remove unused cells and wires).
Finding unused cells or wires in module \traffic..

6.15. Executing OPT_EXPR pass (perform const folding).
Optimizing module traffic.

6.16. Finished fast OPT passes. (There is nothing left to do.)

7. Executing ABC pass (technology mapping using ABC).

7.1. Extracting gate netlist of module `\traffic' to `<abc-temp-dir>/input.blif'..
Replacing 5 occurrences of constant undef bits with constant zero bits

7.1.1. Executed ABC.
Extracted 69 gates and 81 wires to a netlist network with 10 inputs and 12 outputs.
Running ABC script: <abc-temp-dir>/abc.script
ABC: ======== ABC command line "source <abc-temp-dir>/abc.script"
ABC: + read_blif <abc-temp-dir>/input.blif 
ABC: + read_library <abc-temp-dir>/stdcells.genlib 
ABC: + strash 
ABC: + &get -n 
ABC: + &fraig -x 
ABC: + &put 
ABC: + scorr 
ABC: Warning: The network is combinational (run "fraig" or "fraig_sweep").
ABC: + dc2 
ABC: + dretime 
ABC: + strash 
ABC: + &get -n 
ABC: + &dch -f 
ABC: + &nf 
ABC: + &put 
ABC: + write_blif <abc-temp-dir>/output.blif 

7.1.2. Re-integrating ABC results.
ABC RESULTS:               AND cells:        7
ABC RESULTS:               MUX cells:        4
ABC RESULTS:               NOT cells:       10
ABC RESULTS:                OR cells:       11
ABC RESULTS:               XOR cells:        5
ABC RESULTS:        internal signals:       59
ABC RESULTS:           input signals:       10
ABC RESULTS:          output signals:       12
Removing temp directory.
Removing global temp directory.

8. Executing OPT_CLEAN pass (remove unused cells and wires).
Finding unused cells or wires in module \traffic..
Removed 0 unused cells and 44 unused wires.
<suppressed ~1 debug messages>

9. Executing Verilog backend.

9.1. Executing BMUXMAP pass.

9.2. Executing DEMUXMAP pass.
Dumping module `\traffic'.

10. Printing statistics.

=== traffic ===

        +----------Local Count, excluding submodules.
        | 
       42 wires
       51 wire bits
        5 public wires
       14 public wire bits
        3 ports
        4 port bits
       47 cells
        7   $_AND_
        4   $_MUX_
       10   $_NOT_
       11   $_OR_
        8   $_SDFFE_PP0P_
        2   $_SDFFE_PP1P_
        5   $_XOR_

End of script. Logfile hash: bd150b5163, time: 0.09s, user: 0.02s, system: 0.02s, MEM: 23.77 MB peak
Yosys 0.67+4 (git sha1 b88b73a99-dirty, Release, Clang /usr/local/osxcross/target/bin/aarch64-apple-darwin23.5-clang++ 18.1.8)
Time spent: 64% 1x abc (0 sec), 11% 1x techmap (0 sec), ...
